This is my EMIT functional test. If you are reading this, it works.