
"Stack not empty"
[Integer 132,Integer 10,Integer 9]