134.0
15.0
7.5
100.0
16.0

"Stack not empty"
[Integer 9]