WORLDPEACE
HELLOWORLDPEACE
"Stack not empty"
[Id "HELLO"]