This should have stuff left in the stack
"Stack not empty"
[Integer 52,Integer 50,Integer 49,Integer 52,Integer 50,Integer 49,Integer 52,Integer 50,Integer 49,Integer 52,Integer 51,Integer 50,Integer 49,Integer 32]